Microchip MPLAB XC8 Compiler V2.05 ()

Linker command line:

-W-3 --edf=C:\Program Files (x86)\Microchip\xc8\v2.05\pic\dat\en_msgs.txt \
  -cs -h+dist/default/production\laboratorio_4.X.production.sym \
  --cmf=dist/default/production\laboratorio_4.X.production.cmf -z -Q18F4550 \
  -oC:\Users\Gaby\AppData\Local\Temp\s9u4.2 --defsym=__MPLAB_BUILD=1 \
  -Mdist/default/production/laboratorio_4.X.production.map -E1 -ver=XC8 \
  --acfsm=1493 -ASTACK=01D6h-07FFh -pstack=STACK -ACODE=00h-07FFFh \
  -ACONST=00h-07FFFh -ASMALLCONST=0800h-08FFhx120 \
  -AMEDIUMCONST=0800h-07FFFh -ACOMRAM=01h-05Fh -AABS1=00h-07FFh \
  -ABIGRAM=01h-07FFh -ARAM=060h-0FFh,0100h-01FFhx7 -ABANK0=060h-0FFh \
  -ABANK1=0100h-01FFh -ABANK2=0200h-02FFh -ABANK3=0300h-03FFh \
  -ABANK4=0400h-04FFh -ABANK5=0500h-05FFh -ABANK6=0600h-06FFh \
  -ABANK7=0700h-07FFh -ASFR=0F60h-0FFFh \
  -preset_vec=00h,intcode=08h,intcodelo,powerup,init -pramtop=0800h \
  -psmallconst=SMALLCONST -pmediumconst=MEDIUMCONST -pconst=CONST \
  -AFARRAM=00h-00h -ACONFIG=0300000h-030000Dh -pconfig=CONFIG \
  -AIDLOC=0200000h-0200007h -pidloc=IDLOC -AEEDATA=0F00000h-0F000FFh \
  -peeprom_data=EEDATA \
  -prdata=COMRAM,nvrram=COMRAM,nvbit=COMRAM,rbss=COMRAM,rbit=COMRAM \
  -pfarbss=FARRAM,fardata=FARRAM,nvFARRAM=FARRAM \
  -pintsave_regs=BIGRAM,bigbss=BIGRAM,bigdata=BIGRAM -pbss=RAM \
  -pidata=CODE,irdata=CODE,ibigdata=CODE,ifardata=CODE -prparam=COMRAM \
  C:\Users\Gaby\AppData\Local\Temp\s9u4.o \
  dist/default/production\laboratorio_4.X.production.o 

Object code version is 3.11

Machine type is 18F4550

Call graph: (short form)




                Name                               Link     Load   Length Selector   Space Scale
C:\Users\Gaby\AppData\Local\Temp\s9u4.o
                init                                  E        E        4        4       0
                reset_vec                             0        0        4        0       0
                idloc                            200000   200000        8   200000       0
                config                           300000   300000        E   300000       0
dist/default/production\laboratorio_4.X.production.o
                intcode                               8        8        6        4       0
                temp                                 58       58        1        1       1
                smallconst                          800      800        6      400       0
                text18                             1644     1644        C      403       0
                text17                             1632     1632       12      403       0
                text16                             156A     156A       4E      403       0
                text15                              F88      F88       DA      403       0
                text14                             133C     133C       84      403       0
                text13                             143A     143A       70      403       0
                text12                              806      806      288      403       0
                text11                             11FA     11FA       BA      403       0
                text10                              D38      D38      140      403       0
                text9                               E78      E78      110      403       0
                text8                              14AA     14AA       6E      403       0
                text7                               A8E      A8E      156      403       0
                text6                              1600     1600       20      403       0
                text5                              1138     1138       C2      403       0
                intcode_body                        BE4      BE4      154      403       0
                text3                              1620     1620       12      403       0
                text2                              1518     1518       52      403       0
                text1                              15B8     15B8       28      403       0
                text0                              15E0     15E0       20      403       0
                cstackCOMRAM                          1        1       3B        1       1
                cstackBANK0                          E8       E8        7       60       1
                dataBANK1                           100      100       D6      100       1
                dataBANK0                            60       60       88       60       1
                dataCOMRAM                           51       51        7        1       1
                bssCOMRAM                            3C       3C       15        1       1
                cinit                              13C0     13C0       7A      403       0
                idataBANK1                         1062     1062       D6      403       0
                idataBANK0                         12B4     12B4       88      403       0
                idataCOMRAM                        1650     1650        7      403       0

TOTAL           Name                               Link     Load   Length     Space
        CLASS   STACK          

        CLASS   CODE           
                intcode                               8        8        6         0
                init                                  E        E        4         0
                reset_vec                             0        0        4         0
                text18                             1644     1644        C         0
                text17                             1632     1632       12         0
                text16                             156A     156A       4E         0
                text15                              F88      F88       DA         0
                text14                             133C     133C       84         0
                text13                             143A     143A       70         0
                text12                              806      806      288         0
                text11                             11FA     11FA       BA         0
                text10                              D38      D38      140         0
                text9                               E78      E78      110         0
                text8                              14AA     14AA       6E         0
                text7                               A8E      A8E      156         0
                text6                              1600     1600       20         0
                text5                              1138     1138       C2         0
                intcode_body                        BE4      BE4      154         0
                text3                              1620     1620       12         0
                text2                              1518     1518       52         0
                text1                              15B8     15B8       28         0
                text0                              15E0     15E0       20         0
                cinit                              13C0     13C0       7A         0
                idataBANK1                         1062     1062       D6         0
                idataBANK0                         12B4     12B4       88         0
                idataCOMRAM                        1650     1650        7         0

        CLASS   CONST          

        CLASS   SMALLCONST     
                smallconst                          800      800        6         0

        CLASS   MEDIUMCONST    

        CLASS   COMRAM         
                temp                                 58       58        1         1
                cstackCOMRAM                          1        1       3B         1
                dataCOMRAM                           51       51        7         1
                bssCOMRAM                            3C       3C       15         1

        CLASS   ABS1           

        CLASS   BIGRAM         

        CLASS   RAM            

        CLASS   BANK0          
                cstackBANK0                          E8       E8        7         1
                dataBANK0                            60       60       88         1

        CLASS   BANK1          
                dataBANK1                           100      100       D6         1

        CLASS   BANK2          

        CLASS   BANK3          

        CLASS   BANK4          

        CLASS   BANK5          

        CLASS   BANK6          

        CLASS   BANK7          

        CLASS   SFR            

        CLASS   FARRAM         

        CLASS   CONFIG         
                config                           300000   300000        E         0

        CLASS   IDLOC          
                idloc                            200000   200000        8         0

        CLASS   EEDATA         



SEGMENTS        Name                           Load    Length   Top    Selector   Space  Class

                reset_vec                      000000  000004  000004         0       0  CODE    
                cstackCOMRAM                   000001  000058  000059         1       1  COMRAM  
                intcode                        000008  00000A  000012         4       0  CODE    
                dataBANK0                      000060  00008F  0000EF        60       1  BANK0   
                dataBANK1                      000100  0000D6  0001D6       100       1  BANK1   
                smallconst                     000800  000006  000806       400       0  SMALLCON
                text12                         000806  000E51  001657       403       0  CODE    
                idloc                          200000  000008  200008    200000       0  IDLOC   
                config                         300000  00000E  30000E    300000       0  CONFIG  


UNUSED ADDRESS RANGES

        Name                Unused          Largest block    Delta
        BANK0            0000EF-0000FF               11
        BANK1            0001D6-0001FF               2A
        BANK2            000200-0002FF              100
        BANK3            000300-0003FF              100
        BANK4            000400-0004FF              100
        BANK5            000500-0005FF              100
        BANK6            000600-0006FF              100
        BANK7            000700-0007FF              100
        BIGRAM           000059-00005F                7
                         0000EF-0000FF               11
                         0001D6-0007FF              62A
        CODE             000004-000007                4
                         000012-0007FF              7EE
                         001657-007FFF             69A9
        COMRAM           000059-00005F                7
        CONST            000004-000007                4
                         000012-0007FF              7EE
                         001657-007FFF             69A9
        EEDATA           F00000-F000FF              100
        MEDIUMCONST      001657-007FFF             69A9
        RAM              0000EF-0000FF               11
                         0001D6-0007FF              100
        SFR              000F60-000FFF               A0
        SMALLCONST       001657-007FFF              100
        STACK            0001D6-0007FF              62A

                                  Symbol Table

?_DHT11_CheckResponse         cstackCOMRAM 000001
?_DHT11_ReadData              cstackCOMRAM 000001
?___awdiv                     cstackCOMRAM 000007
?___awmod                     cstackCOMRAM 000001
?___fldiv                     cstackCOMRAM 00000F
?___fltol                     cstackCOMRAM 000028
?___xxtofl                    cstackCOMRAM 000001
DHT11_CheckResponse@cont      cstackCOMRAM 000003
DHT11_ReadData@bits           cstackCOMRAM 00000D
DHT11_ReadData@cont_read      cstackCOMRAM 000014
DHT11_ReadData@data           cstackCOMRAM 000018
DHT11_ReadData@dhum           cstackCOMRAM 000003
DHT11_ReadData@dtemp          cstackCOMRAM 000007
DHT11_ReadData@hum            cstackCOMRAM 000001
DHT11_ReadData@i              cstackCOMRAM 000016
DHT11_ReadData@j              cstackCOMRAM 000012
DHT11_ReadData@temp           cstackCOMRAM 000005
_ADCON1                       (abs)        000FC1
_BAUDCONbits                  (abs)        000FB8
_DHT11_CheckResponse          text8        0014AA
_DHT11_ReadData               text7        000A8E
_DHT11_init                   text6        001600
_INTCONbits                   (abs)        000FF2
_LATBbits                     (abs)        000F8A
_PIE1bits                     (abs)        000F9D
_PIR1bits                     (abs)        000F9E
_PORTBbits                    (abs)        000F81
_RCIsr                        intcode      000008
_RCREG                        (abs)        000FAE
_RCSTAbits                    (abs)        000FAB
_SPBRG                        (abs)        000FAF
_SPBRGH                       (abs)        000FB0
_T1CON                        (abs)        000FCD
_TMR1                         (abs)        000FCE
_TMR1H                        (abs)        000FCF
_TMR1L                        (abs)        000FCE
_TMR1ON                       (abs)        007E68
_TRISBbits                    (abs)        000F93
_TRISCbits                    (abs)        000F94
_TXREG                        (abs)        000FAD
_TXSTAbits                    (abs)        000FAC
__CFG_BOR$OFF                 (abs)        000000
__CFG_BORV$3                  (abs)        000000
__CFG_CCP2MX$ON               (abs)        000000
__CFG_CPUDIV$OSC2_PLL3        (abs)        000000
__CFG_FOSC$XTPLL_XT           (abs)        000000
__CFG_LPT1OSC$OFF             (abs)        000000
__CFG_LVP$OFF                 (abs)        000000
__CFG_MCLRE$ON                (abs)        000000
__CFG_PBADEN$OFF              (abs)        000000
__CFG_PLLDIV$1                (abs)        000000
__CFG_PWRT$ON                 (abs)        000000
__CFG_WDTPS$32768             (abs)        000000
__HRAM                        (abs)        000000
__Habs1                       abs1         000000
__Hbank0                      bank0        000000
__Hbank1                      bank1        000000
__Hbank2                      bank2        000000
__Hbank3                      bank3        000000
__Hbank4                      bank4        000000
__Hbank5                      bank5        000000
__Hbank6                      bank6        000000
__Hbank7                      bank7        000000
__Hbigbss                     bigbss       000000
__Hbigdata                    bigdata      000000
__Hbigram                     bigram       000000
__Hbss                        bss          000000
__HbssCOMRAM                  bssCOMRAM    000000
__Hcinit                      cinit        000000
__Hclrtext                    clrtext      000000
__Hcomram                     comram       000000
__Hconfig                     config       30000E
__Hconst                      const        000000
__HcstackBANK0                cstackBANK0  000000
__HcstackCOMRAM               cstackCOMRAM 000000
__Hdata                       data         000000
__HdataBANK0                  dataBANK0    000000
__HdataBANK1                  dataBANK1    000000
__HdataCOMRAM                 dataCOMRAM   000000
__Heeprom_data                eeprom_data  000000
__Hfarbss                     farbss       000000
__Hfardata                    fardata      000000
__Hibigdata                   ibigdata     000000
__Hidata                      idata        000000
__HidataBANK0                 idataBANK0   000000
__HidataBANK1                 idataBANK1   000000
__HidataCOMRAM                idataCOMRAM  000000
__Hidloc                      idloc        200008
__Hifardata                   ifardata     000000
__Hinit                       init         000012
__Hintcode                    intcode      00000E
__Hintcode_body               intcode_body 000000
__Hintcodelo                  intcodelo    00000E
__Hintentry                   intentry     000000
__Hintret                     intret       000000
__Hintsave_regs               intsave_regs 000000
__Hirdata                     irdata       000000
__Hmediumconst                mediumconst  000000
__HnvFARRAM                   nvFARRAM     000000
__Hnvbit                      nvbit        000000
__Hnvrram                     nvrram       000000
__Hparam                      rparam       000000
__Hpowerup                    powerup      00000E
__Hram                        ram          000000
__Hramtop                     ramtop       000800
__Hrbit                       rbit         000000
__Hrbss                       rbss         000000
__Hrdata                      rdata        000000
__Hreset_vec                  reset_vec    000004
__Hrparam                     rparam       000000
__Hsfr                        sfr          000000
__Hsmallconst                 smallconst   000806
__Hspace_0                    (abs)        30000E
__Hspace_1                    (abs)        0001D6
__Hspace_2                    (abs)        000000
__Hstack                      stack        000000
__Hstruct                     struct       000000
__Htemp                       temp         000059
__Htext                       text         000000
__Htext0                      text0        000000
__Htext1                      text1        000000
__Htext10                     text10       000000
__Htext11                     text11       000000
__Htext12                     text12       000000
__Htext13                     text13       000000
__Htext14                     text14       000000
__Htext15                     text15       000000
__Htext16                     text16       000000
__Htext17                     text17       000000
__Htext18                     text18       000000
__Htext2                      text2        000000
__Htext3                      text3        000000
__Htext5                      text5        000000
__Htext6                      text6        000000
__Htext7                      text7        000000
__Htext8                      text8        000000
__Htext9                      text9        000000
__LRAM                        (abs)        000001
__Labs1                       abs1         000000
__Lbank0                      bank0        000000
__Lbank1                      bank1        000000
__Lbank2                      bank2        000000
__Lbank3                      bank3        000000
__Lbank4                      bank4        000000
__Lbank5                      bank5        000000
__Lbank6                      bank6        000000
__Lbank7                      bank7        000000
__Lbigbss                     bigbss       000000
__Lbigdata                    bigdata      000000
__Lbigram                     bigram       000000
__Lbss                        bss          000000
__LbssCOMRAM                  bssCOMRAM    000000
__Lcinit                      cinit        000000
__Lclrtext                    clrtext      000000
__Lcomram                     comram       000000
__Lconfig                     config       300000
__Lconst                      const        000000
__LcstackBANK0                cstackBANK0  000000
__LcstackCOMRAM               cstackCOMRAM 000000
__Ldata                       data         000000
__LdataBANK0                  dataBANK0    000000
__LdataBANK1                  dataBANK1    000000
__LdataCOMRAM                 dataCOMRAM   000000
__Leeprom_data                eeprom_data  000000
__Lfarbss                     farbss       000000
__Lfardata                    fardata      000000
__Libigdata                   ibigdata     000000
__Lidata                      idata        000000
__LidataBANK0                 idataBANK0   000000
__LidataBANK1                 idataBANK1   000000
__LidataCOMRAM                idataCOMRAM  000000
__Lidloc                      idloc        200000
__Lifardata                   ifardata     000000
__Linit                       init         00000E
__Lintcode                    intcode      000008
__Lintcode_body               intcode_body 000000
__Lintcodelo                  intcodelo    00000E
__Lintentry                   intentry     000000
__Lintret                     intret       000000
__Lintsave_regs               intsave_regs 000000
__Lirdata                     irdata       000000
__Lmediumconst                mediumconst  000000
__LnvFARRAM                   nvFARRAM     000000
__Lnvbit                      nvbit        000000
__Lnvrram                     nvrram       000000
__Lparam                      rparam       000000
__Lpowerup                    powerup      00000E
__Lram                        ram          000000
__Lramtop                     ramtop       000800
__Lrbit                       rbit         000000
__Lrbss                       rbss         000000
__Lrdata                      rdata        000000
__Lreset_vec                  reset_vec    000000
__Lrparam                     rparam       000000
__Lsfr                        sfr          000000
__Lsmallconst                 smallconst   000800
__Lspace_0                    (abs)        000000
__Lspace_1                    (abs)        000000
__Lspace_2                    (abs)        000000
__Lstack                      stack        000000
__Lstruct                     struct       000000
__Ltemp                       temp         000058
__Ltext                       text         000000
__Ltext0                      text0        000000
__Ltext1                      text1        000000
__Ltext10                     text10       000000
__Ltext11                     text11       000000
__Ltext12                     text12       000000
__Ltext13                     text13       000000
__Ltext14                     text14       000000
__Ltext15                     text15       000000
__Ltext16                     text16       000000
__Ltext17                     text17       000000
__Ltext18                     text18       000000
__Ltext2                      text2        000000
__Ltext3                      text3        000000
__Ltext5                      text5        000000
__Ltext6                      text6        000000
__Ltext7                      text7        000000
__Ltext8                      text8        000000
__Ltext9                      text9        000000
__S0                          (abs)        30000E
__S1                          (abs)        0001D6
__S2                          (abs)        000000
___awdiv                      text14       00133C
___awdiv@counter              cstackCOMRAM 00000B
___awdiv@dividend             cstackCOMRAM 000007
___awdiv@divisor              cstackCOMRAM 000009
___awdiv@quotient             cstackCOMRAM 00000D
___awdiv@sign                 cstackCOMRAM 00000C
___awmod                      text13       00143A
___awmod@counter              cstackCOMRAM 000005
___awmod@dividend             cstackCOMRAM 000001
___awmod@divisor              cstackCOMRAM 000003
___awmod@sign                 cstackCOMRAM 000006
___fldiv                      text12       000806
___fldiv@a                    cstackCOMRAM 000013
___fldiv@aexp                 cstackCOMRAM 000027
___fldiv@b                    cstackCOMRAM 00000F
___fldiv@bexp                 cstackCOMRAM 000026
___fldiv@grs                  cstackCOMRAM 000022
___fldiv@new_exp              cstackCOMRAM 000020
___fldiv@rem                  cstackCOMRAM 00001B
___fldiv@sign                 cstackCOMRAM 00001F
___fltol                      text11       0011FA
___fltol@exp1                 cstackCOMRAM 000031
___fltol@f1                   cstackCOMRAM 000028
___fltol@sign1                cstackCOMRAM 000030
___inthi_sp                   stack        000000
___intlo_sp                   stack        000000
___param_bank                 (abs)        000000
___rparam_used                (abs)        000001
___sp                         stack        000000
___xxtofl                     text10       000D38
___xxtofl@arg                 cstackCOMRAM 00000B
___xxtofl@exp                 cstackCOMRAM 00000A
___xxtofl@sign                cstackCOMRAM 000009
___xxtofl@val                 cstackCOMRAM 000001
__accesstop                   (abs)        000060
__activetblptr                (abs)        000002
__end_of_DHT11_CheckResponse  text8        001518
__end_of_DHT11_ReadData       text7        000BE4
__end_of_DHT11_init           text6        001620
__end_of_RCIsr                intcode_body 000D38
__end_of___awdiv              text14       0013C0
__end_of___awmod              text13       0014AA
__end_of___fldiv              text12       000A8E
__end_of___fltol              text11       0012B4
__end_of___xxtofl             text10       000E78
__end_of__initialization      cinit        00142C
__end_of_main                 text0        001600
__end_of_send_char            text18       001650
__end_of_send_newline         text3        001632
__end_of_send_string          text2        00156A
__end_of_show_menu            text15       001062
__end_of_uc_config            text1        0015E0
__end_of_ultrasonido          text9        000F88
__end_of_valores              text5        0011FA
__end_ofi2_send_newline       text17       001644
__end_ofi2_send_string        text16       0015B8
__initialization              cinit        0013C0
__mediumconst                 mediumconst  000000
__pbssCOMRAM                  bssCOMRAM    00003C
__pcinit                      cinit        0013C0
__pcstackBANK0                cstackBANK0  0000E8
__pcstackCOMRAM               cstackCOMRAM 000001
__pdataBANK0                  dataBANK0    000060
__pdataBANK1                  dataBANK1    000100
__pdataCOMRAM                 dataCOMRAM   000051
__pidataBANK0                 idataBANK0   0012B4
__pidataBANK1                 idataBANK1   001062
__pidataCOMRAM                idataCOMRAM  001650
__pintcode                    intcode      000008
__pintcode_body               intcode_body 000BE4
__psmallconst                 smallconst   000800
__ptext0                      text0        0015E0
__ptext1                      text1        0015B8
__ptext10                     text10       000D38
__ptext11                     text11       0011FA
__ptext12                     text12       000806
__ptext13                     text13       00143A
__ptext14                     text14       00133C
__ptext15                     text15       000F88
__ptext16                     text16       00156A
__ptext17                     text17       001632
__ptext18                     text18       001644
__ptext2                      text2        001518
__ptext3                      text3        001620
__ptext5                      text5        001138
__ptext6                      text6        001600
__ptext7                      text7        000A8E
__ptext8                      text8        0014AA
__ptext9                      text9        000E78
__ramtop                      ramtop       000800
__size_of_DHT11_CheckResponse (abs)        000000
__size_of_DHT11_ReadData      (abs)        000000
__size_of_DHT11_init          (abs)        000000
__size_of_RCIsr               (abs)        000000
__size_of___awdiv             (abs)        000000
__size_of___awmod             (abs)        000000
__size_of___fldiv             (abs)        000000
__size_of___fltol             (abs)        000000
__size_of___xxtofl            (abs)        000000
__size_of_main                (abs)        000000
__size_of_send_char           (abs)        000000
__size_of_send_newline        (abs)        000000
__size_of_send_string         (abs)        000000
__size_of_show_menu           (abs)        000000
__size_of_uc_config           (abs)        000000
__size_of_ultrasonido         (abs)        000000
__size_of_valores             (abs)        000000
__size_ofi2_send_newline      (abs)        000000
__size_ofi2_send_string       (abs)        000000
__smallconst                  smallconst   000800
_autor                        dataBANK1    0001C0
_barra                        dataBANK1    000100
_cadena                       dataBANK1    00018B
_centena_ultra                bssCOMRAM    000042
_chekin                       bssCOMRAM    00003C
_decena_ultra                 bssCOMRAM    000041
_dh                           bssCOMRAM    000043
_dhu                          bssCOMRAM    000045
_dhum                         bssCOMRAM    000049
_dis                          dataBANK0    0000C6
_dte                          bssCOMRAM    000046
_dtem                         bssCOMRAM    000048
_dtemp                        bssCOMRAM    00004D
_error                        dataBANK0    000060
_hu                           bssCOMRAM    000044
_hum                          bssCOMRAM    00004B
_hume                         dataBANK0    0000D8
_main                         text0        0015E0
_menu1                        dataBANK0    0000B2
_menu2                        dataBANK0    00009E
_menu3                        dataBANK1    000124
_menu4                        dataBANK1    000169
_menu5                        dataBANK1    000147
_menu6                        dataBANK1    0001A9
_menu7                        dataBANK0    000075
_send_char                    text18       001644
_send_newline                 text3        001620
_send_string                  text2        001518
_show_menu                    text15       000F88
_signo                        dataCOMRAM   000054
_signo2                       dataCOMRAM   000051
_status                       bssCOMRAM    00003E
_tem                          bssCOMRAM    000047
_temp                         bssCOMRAM    00004F
_tempe                        dataBANK0    00008A
_uc_config                    text1        0015B8
_ultrasonido                  text9        000E78
_unidad_ultra                 bssCOMRAM    000040
_valores                      text5        001138
btemp                         temp         000058
end_of_initialization         cinit        00142C
i2_send_newline               text17       001632
i2_send_string                text16       00156A
i2send_string@i               cstackCOMRAM 000007
i2send_string@numero          cstackCOMRAM 000003
i2send_string@vector          cstackCOMRAM 000001
int$flags                     temp         000058
int_func                      intcode_body 000BE4
intlevel0                     text         000000
intlevel1                     text         000000
intlevel2                     text         000000
intlevel3                     text         000000
send_char@letrita             cstackCOMRAM 000001
send_string@i                 cstackBANK0  0000EE
send_string@numero            cstackBANK0  0000EA
send_string@vector            cstackBANK0  0000E8
stackhi                       (abs)        0007FF
stacklo                       (abs)        0001D6
start                         init         00000E
start_initialization          cinit        0013C0
ttemp5                        temp         000059
ttemp6                        temp         00005C
ttemp7                        temp         000060
ultrasonido@rango             cstackCOMRAM 000032
wtemp8                        temp         000059


FUNCTION INFORMATION:

 *************** function _main *****************
 Defined at:
		line 109 in file "noOficial1.c"
 Parameters:    Size  Location     Type
		None
 Auto vars:     Size  Location     Type
		None
 Return value:  Size  Location     Type
                  1    wreg      void 
 Registers used:
		wreg, fsr2l, fsr2h, status,2, status,0, tblptrl, tblptrh, tblptru, cstack
 Tracked objects:
		On entry : 
		On exit  : 
		Unchanged: 
 Data sizes:     COMRAM   BANK0   BANK1   BANK2   BANK3   BANK4   BANK5   BANK6   BANK7
      Params:         0       0       0       0       0       0       0       0       0
      Locals:         0       0       0       0       0       0       0       0       0
      Temps:          0       0       0       0       0       0       0       0       0
      Totals:         0       0       0       0       0       0       0       0       0
Total ram usage:        0 bytes
 Hardware stack levels required when called:    4
 This function calls:
		_send_newline
		_send_string
		_uc_config
 This function is called by:
		Startup code after reset
 This function uses a non-reentrant model


 *************** function _uc_config *****************
 Defined at:
		line 4 in file "Serial.c"
 Parameters:    Size  Location     Type
		None
 Auto vars:     Size  Location     Type
		None
 Return value:  Size  Location     Type
                  1    wreg      void 
 Registers used:
		wreg, status,2
 Tracked objects:
		On entry : 
		On exit  : 
		Unchanged: 
 Data sizes:     COMRAM   BANK0   BANK1   BANK2   BANK3   BANK4   BANK5   BANK6   BANK7
      Params:         0       0       0       0       0       0       0       0       0
      Locals:         0       0       0       0       0       0       0       0       0
      Temps:          0       0       0       0       0       0       0       0       0
      Totals:         0       0       0       0       0       0       0       0       0
Total ram usage:        0 bytes
 Hardware stack levels used:    1
 Hardware stack levels required when called:    3
 This function calls:
		Nothing
 This function is called by:
		_main
 This function uses a non-reentrant model


 *************** function _send_string *****************
 Defined at:
		line 24 in file "Serial.c"
 Parameters:    Size  Location     Type
  vector          2    0[BANK0 ] PTR const unsigned char 
		 -> error(21), autor(22), STR_1(4), dis(18), 
		 -> hume(16), signo(4), tempe(20), cadena(30), 
		 -> menu7(21), menu6(23), menu5(34), menu4(34), 
		 -> menu3(35), menu2(20), barra(36), menu1(20), 
  numero          2    2[BANK0 ] unsigned int 
 Auto vars:     Size  Location     Type
  i               1    6[BANK0 ] unsigned char 
 Return value:  Size  Location     Type
                  1    wreg      void 
 Registers used:
		wreg, fsr2l, fsr2h, status,2, status,0, tblptrl, tblptrh, tblptru
 Tracked objects:
		On entry : 
		On exit  : 
		Unchanged: 
 Data sizes:     COMRAM   BANK0   BANK1   BANK2   BANK3   BANK4   BANK5   BANK6   BANK7
      Params:         0       4       0       0       0       0       0       0       0
      Locals:         0       1       0       0       0       0       0       0       0
      Temps:          0       2       0       0       0       0       0       0       0
      Totals:         0       7       0       0       0       0       0       0       0
Total ram usage:        7 bytes
 Hardware stack levels used:    1
 Hardware stack levels required when called:    3
 This function calls:
		Nothing
 This function is called by:
		_main
 This function uses a non-reentrant model


 *************** function _send_newline *****************
 Defined at:
		line 36 in file "Serial.c"
 Parameters:    Size  Location     Type
		None
 Auto vars:     Size  Location     Type
		None
 Return value:  Size  Location     Type
                  1    wreg      void 
 Registers used:
		wreg, status,2
 Tracked objects:
		On entry : 
		On exit  : 
		Unchanged: 
 Data sizes:     COMRAM   BANK0   BANK1   BANK2   BANK3   BANK4   BANK5   BANK6   BANK7
      Params:         0       0       0       0       0       0       0       0       0
      Locals:         0       0       0       0       0       0       0       0       0
      Temps:          0       0       0       0       0       0       0       0       0
      Totals:         0       0       0       0       0       0       0       0       0
Total ram usage:        0 bytes
 Hardware stack levels used:    1
 Hardware stack levels required when called:    3
 This function calls:
		Nothing
 This function is called by:
		_main
 This function uses a non-reentrant model


 *************** function _RCIsr *****************
 Defined at:
		line 117 in file "noOficial1.c"
 Parameters:    Size  Location     Type
		None
 Auto vars:     Size  Location     Type
		None
 Return value:  Size  Location     Type
                  1    wreg      void 
 Registers used:
		wreg, fsr2l, fsr2h, status,2, status,0, tblptrl, tblptrh, tblptru, cstack
 Tracked objects:
		On entry : 
		On exit  : 
		Unchanged: 
 Data sizes:     COMRAM   BANK0   BANK1   BANK2   BANK3   BANK4   BANK5   BANK6   BANK7
      Params:         0       0       0       0       0       0       0       0       0
      Locals:         0       0       0       0       0       0       0       0       0
      Temps:          8       0       0       0       0       0       0       0       0
      Totals:         8       0       0       0       0       0       0       0       0
Total ram usage:        8 bytes
 Hardware stack levels used:    1
 Hardware stack levels required when called:    2
 This function calls:
		_send_char
		_show_menu
		_ultrasonido
		_valores
		i2_send_newline
		i2_send_string
 This function is called by:
		Interrupt level 2
 This function uses a non-reentrant model


 *************** function _valores *****************
 Defined at:
		line 43 in file "noOficial1.c"
 Parameters:    Size  Location     Type
		None
 Auto vars:     Size  Location     Type
		None
 Return value:  Size  Location     Type
                  1    wreg      void 
 Registers used:
		wreg, fsr2l, fsr2h, status,2, status,0, cstack
 Tracked objects:
		On entry : 
		On exit  : 
		Unchanged: 
 Data sizes:     COMRAM   BANK0   BANK1   BANK2   BANK3   BANK4   BANK5   BANK6   BANK7
      Params:         0       0       0       0       0       0       0       0       0
      Locals:         0       0       0       0       0       0       0       0       0
      Temps:          0       0       0       0       0       0       0       0       0
      Totals:         0       0       0       0       0       0       0       0       0
Total ram usage:        0 bytes
 Hardware stack levels used:    1
 Hardware stack levels required when called:    1
 This function calls:
		_DHT11_CheckResponse
		_DHT11_ReadData
		_DHT11_init
		___awdiv
		___awmod
 This function is called by:
		_RCIsr
 This function uses a non-reentrant model


 *************** function _DHT11_init *****************
 Defined at:
		line 6 in file "DHT11.c"
 Parameters:    Size  Location     Type
		None
 Auto vars:     Size  Location     Type
		None
 Return value:  Size  Location     Type
                  1    wreg      void 
 Registers used:
		wreg
 Tracked objects:
		On entry : 
		On exit  : 
		Unchanged: 
 Data sizes:     COMRAM   BANK0   BANK1   BANK2   BANK3   BANK4   BANK5   BANK6   BANK7
      Params:         0       0       0       0       0       0       0       0       0
      Locals:         0       0       0       0       0       0       0       0       0
      Temps:          1       0       0       0       0       0       0       0       0
      Totals:         1       0       0       0       0       0       0       0       0
Total ram usage:        1 bytes
 Hardware stack levels used:    1
 This function calls:
		Nothing
 This function is called by:
		_valores
 This function uses a non-reentrant model


 *************** function _DHT11_ReadData *****************
 Defined at:
		line 42 in file "DHT11.c"
 Parameters:    Size  Location     Type
  hum             2    0[COMRAM] PTR int 
		 -> hum(2), 
  dhum            2    2[COMRAM] PTR int 
		 -> dhum(2), 
  temp            2    4[COMRAM] PTR int 
		 -> temp(2), 
  dtemp           2    6[COMRAM] PTR int 
		 -> dtemp(2), 
 Auto vars:     Size  Location     Type
  j               2   17[COMRAM] int 
  i               2   21[COMRAM] int 
  bits            5   12[COMRAM] unsigned char [5]
  data            2   23[COMRAM] int 
  cont_read       2   19[COMRAM] int 
 Return value:  Size  Location     Type
                  2    0[COMRAM] int 
 Registers used:
		wreg, fsr2l, fsr2h, status,2, status,0
 Tracked objects:
		On entry : 
		On exit  : 
		Unchanged: 
 Data sizes:     COMRAM   BANK0   BANK1   BANK2   BANK3   BANK4   BANK5   BANK6   BANK7
      Params:         8       0       0       0       0       0       0       0       0
      Locals:        13       0       0       0       0       0       0       0       0
      Temps:          4       0       0       0       0       0       0       0       0
      Totals:        25       0       0       0       0       0       0       0       0
Total ram usage:       25 bytes
 Hardware stack levels used:    1
 This function calls:
		Nothing
 This function is called by:
		_valores
 This function uses a non-reentrant model


 *************** function _DHT11_CheckResponse *****************
 Defined at:
		line 17 in file "DHT11.c"
 Parameters:    Size  Location     Type
		None
 Auto vars:     Size  Location     Type
  cont            2    2[COMRAM] int 
 Return value:  Size  Location     Type
                  2    0[COMRAM] int 
 Registers used:
		wreg, status,2, status,0
 Tracked objects:
		On entry : 
		On exit  : 
		Unchanged: 
 Data sizes:     COMRAM   BANK0   BANK1   BANK2   BANK3   BANK4   BANK5   BANK6   BANK7
      Params:         2       0       0       0       0       0       0       0       0
      Locals:         2       0       0       0       0       0       0       0       0
      Temps:          0       0       0       0       0       0       0       0       0
      Totals:         4       0       0       0       0       0       0       0       0
Total ram usage:        4 bytes
 Hardware stack levels used:    1
 This function calls:
		Nothing
 This function is called by:
		_valores
 This function uses a non-reentrant model


 *************** function _ultrasonido *****************
 Defined at:
		line 61 in file "noOficial1.c"
 Parameters:    Size  Location     Type
		None
 Auto vars:     Size  Location     Type
  rango           2   49[COMRAM] int 
 Return value:  Size  Location     Type
                  1    wreg      void 
 Registers used:
		wreg, status,2, status,0, cstack
 Tracked objects:
		On entry : 
		On exit  : 
		Unchanged: 
 Data sizes:     COMRAM   BANK0   BANK1   BANK2   BANK3   BANK4   BANK5   BANK6   BANK7
      Params:         0       0       0       0       0       0       0       0       0
      Locals:         2       0       0       0       0       0       0       0       0
      Temps:          0       0       0       0       0       0       0       0       0
      Totals:         2       0       0       0       0       0       0       0       0
Total ram usage:        2 bytes
 Hardware stack levels used:    1
 Hardware stack levels required when called:    1
 This function calls:
		___awdiv
		___awmod
		___fldiv
		___fltol
		___xxtofl
 This function is called by:
		_RCIsr
 This function uses a non-reentrant model


 *************** function ___xxtofl *****************
 Defined at:
		line 10 in file "C:\Program Files (x86)\Microchip\xc8\v2.05\pic\sources\c99\common\xxtofl.c"
 Parameters:    Size  Location     Type
  sign            1    wreg     unsigned char 
  val             4    0[COMRAM] long 
 Auto vars:     Size  Location     Type
  sign            1    8[COMRAM] unsigned char 
  arg             4   10[COMRAM] unsigned long 
  exp             1    9[COMRAM] unsigned char 
 Return value:  Size  Location     Type
                  4    0[COMRAM] unsigned char 
 Registers used:
		wreg, status,2, status,0
 Tracked objects:
		On entry : 
		On exit  : 
		Unchanged: 
 Data sizes:     COMRAM   BANK0   BANK1   BANK2   BANK3   BANK4   BANK5   BANK6   BANK7
      Params:         4       0       0       0       0       0       0       0       0
      Locals:         6       0       0       0       0       0       0       0       0
      Temps:          4       0       0       0       0       0       0       0       0
      Totals:        14       0       0       0       0       0       0       0       0
Total ram usage:       14 bytes
 Hardware stack levels used:    1
 This function calls:
		Nothing
 This function is called by:
		_ultrasonido
 This function uses a non-reentrant model


 *************** function ___fltol *****************
 Defined at:
		line 43 in file "C:\Program Files (x86)\Microchip\xc8\v2.05\pic\sources\c99\common\fltol.c"
 Parameters:    Size  Location     Type
  f1              4   39[COMRAM] unsigned char 
 Auto vars:     Size  Location     Type
  exp1            1   48[COMRAM] unsigned char 
  sign1           1   47[COMRAM] unsigned char 
 Return value:  Size  Location     Type
                  4   39[COMRAM] long 
 Registers used:
		wreg, status,2, status,0
 Tracked objects:
		On entry : 
		On exit  : 
		Unchanged: 
 Data sizes:     COMRAM   BANK0   BANK1   BANK2   BANK3   BANK4   BANK5   BANK6   BANK7
      Params:         4       0       0       0       0       0       0       0       0
      Locals:         2       0       0       0       0       0       0       0       0
      Temps:          4       0       0       0       0       0       0       0       0
      Totals:        10       0       0       0       0       0       0       0       0
Total ram usage:       10 bytes
 Hardware stack levels used:    1
 This function calls:
		Nothing
 This function is called by:
		_ultrasonido
 This function uses a non-reentrant model


 *************** function ___fldiv *****************
 Defined at:
		line 11 in file "C:\Program Files (x86)\Microchip\xc8\v2.05\pic\sources\c99\common\sprcdiv.c"
 Parameters:    Size  Location     Type
  b               4   14[COMRAM] long 
  a               4   18[COMRAM] long 
 Auto vars:     Size  Location     Type
  grs             4   33[COMRAM] unsigned long 
  rem             4   26[COMRAM] unsigned long 
  new_exp         2   31[COMRAM] short 
  aexp            1   38[COMRAM] unsigned char 
  bexp            1   37[COMRAM] unsigned char 
  sign            1   30[COMRAM] unsigned char 
 Return value:  Size  Location     Type
                  4   14[COMRAM] unsigned char 
 Registers used:
		wreg, status,2, status,0
 Tracked objects:
		On entry : 
		On exit  : 
		Unchanged: 
 Data sizes:     COMRAM   BANK0   BANK1   BANK2   BANK3   BANK4   BANK5   BANK6   BANK7
      Params:         8       0       0       0       0       0       0       0       0
      Locals:        13       0       0       0       0       0       0       0       0
      Temps:          4       0       0       0       0       0       0       0       0
      Totals:        25       0       0       0       0       0       0       0       0
Total ram usage:       25 bytes
 Hardware stack levels used:    1
 This function calls:
		Nothing
 This function is called by:
		_ultrasonido
 This function uses a non-reentrant model


 *************** function ___awmod *****************
 Defined at:
		line 7 in file "C:\Program Files (x86)\Microchip\xc8\v2.05\pic\sources\c99\common\awmod.c"
 Parameters:    Size  Location     Type
  dividend        2    0[COMRAM] int 
  divisor         2    2[COMRAM] int 
 Auto vars:     Size  Location     Type
  sign            1    5[COMRAM] unsigned char 
  counter         1    4[COMRAM] unsigned char 
 Return value:  Size  Location     Type
                  2    0[COMRAM] int 
 Registers used:
		wreg, status,2, status,0
 Tracked objects:
		On entry : 
		On exit  : 
		Unchanged: 
 Data sizes:     COMRAM   BANK0   BANK1   BANK2   BANK3   BANK4   BANK5   BANK6   BANK7
      Params:         4       0       0       0       0       0       0       0       0
      Locals:         2       0       0       0       0       0       0       0       0
      Temps:          0       0       0       0       0       0       0       0       0
      Totals:         6       0       0       0       0       0       0       0       0
Total ram usage:        6 bytes
 Hardware stack levels used:    1
 This function calls:
		Nothing
 This function is called by:
		_valores
		_ultrasonido
 This function uses a non-reentrant model


 *************** function ___awdiv *****************
 Defined at:
		line 7 in file "C:\Program Files (x86)\Microchip\xc8\v2.05\pic\sources\c99\common\awdiv.c"
 Parameters:    Size  Location     Type
  dividend        2    6[COMRAM] int 
  divisor         2    8[COMRAM] int 
 Auto vars:     Size  Location     Type
  quotient        2   12[COMRAM] int 
  sign            1   11[COMRAM] unsigned char 
  counter         1   10[COMRAM] unsigned char 
 Return value:  Size  Location     Type
                  2    6[COMRAM] int 
 Registers used:
		wreg, status,2, status,0
 Tracked objects:
		On entry : 
		On exit  : 
		Unchanged: 
 Data sizes:     COMRAM   BANK0   BANK1   BANK2   BANK3   BANK4   BANK5   BANK6   BANK7
      Params:         4       0       0       0       0       0       0       0       0
      Locals:         4       0       0       0       0       0       0       0       0
      Temps:          0       0       0       0       0       0       0       0       0
      Totals:         8       0       0       0       0       0       0       0       0
Total ram usage:        8 bytes
 Hardware stack levels used:    1
 This function calls:
		Nothing
 This function is called by:
		_valores
		_ultrasonido
 This function uses a non-reentrant model


 *************** function _show_menu *****************
 Defined at:
		line 87 in file "noOficial1.c"
 Parameters:    Size  Location     Type
		None
 Auto vars:     Size  Location     Type
		None
 Return value:  Size  Location     Type
                  1    wreg      void 
 Registers used:
		wreg, fsr2l, fsr2h, status,2, status,0, tblptrl, tblptrh, tblptru, cstack
 Tracked objects:
		On entry : 
		On exit  : 
		Unchanged: 
 Data sizes:     COMRAM   BANK0   BANK1   BANK2   BANK3   BANK4   BANK5   BANK6   BANK7
      Params:         0       0       0       0       0       0       0       0       0
      Locals:         0       0       0       0       0       0       0       0       0
      Temps:          0       0       0       0       0       0       0       0       0
      Totals:         0       0       0       0       0       0       0       0       0
Total ram usage:        0 bytes
 Hardware stack levels used:    1
 Hardware stack levels required when called:    1
 This function calls:
		i2_send_newline
		i2_send_string
 This function is called by:
		_RCIsr
 This function uses a non-reentrant model


 *************** function i2_send_string *****************
 Defined at:
		line 24 in file "Serial.c"
 Parameters:    Size  Location     Type
  vector          2    0[COMRAM] PTR const unsigned char 
		 -> error(21), autor(22), STR_1(4), dis(18), 
		 -> hume(16), signo(4), tempe(20), cadena(30), 
		 -> menu7(21), menu6(23), menu5(34), menu4(34), 
		 -> menu3(35), menu2(20), barra(36), menu1(20), 
  numero          2    2[COMRAM] unsigned int 
 Auto vars:     Size  Location     Type
  send_string     1    6[COMRAM] unsigned char 
 Return value:  Size  Location     Type
                  1    wreg      void 
 Registers used:
		wreg, fsr2l, fsr2h, status,2, status,0, tblptrl, tblptrh, tblptru
 Tracked objects:
		On entry : 
		On exit  : 
		Unchanged: 
 Data sizes:     COMRAM   BANK0   BANK1   BANK2   BANK3   BANK4   BANK5   BANK6   BANK7
      Params:         4       0       0       0       0       0       0       0       0
      Locals:         1       0       0       0       0       0       0       0       0
      Temps:          2       0       0       0       0       0       0       0       0
      Totals:         7       0       0       0       0       0       0       0       0
Total ram usage:        7 bytes
 Hardware stack levels used:    1
 This function calls:
		Nothing
 This function is called by:
		_show_menu
		_RCIsr
 This function uses a non-reentrant model


 *************** function i2_send_newline *****************
 Defined at:
		line 36 in file "Serial.c"
 Parameters:    Size  Location     Type
		None
 Auto vars:     Size  Location     Type
		None
 Return value:  Size  Location     Type
                  1    wreg      void 
 Registers used:
		wreg, status,2
 Tracked objects:
		On entry : 
		On exit  : 
		Unchanged: 
 Data sizes:     COMRAM   BANK0   BANK1   BANK2   BANK3   BANK4   BANK5   BANK6   BANK7
      Params:         0       0       0       0       0       0       0       0       0
      Locals:         0       0       0       0       0       0       0       0       0
      Temps:          0       0       0       0       0       0       0       0       0
      Totals:         0       0       0       0       0       0       0       0       0
Total ram usage:        0 bytes
 Hardware stack levels used:    1
 This function calls:
		Nothing
 This function is called by:
		_show_menu
		_RCIsr
 This function uses a non-reentrant model


 *************** function _send_char *****************
 Defined at:
		line 31 in file "Serial.c"
 Parameters:    Size  Location     Type
  letrita         1    wreg     unsigned char 
 Auto vars:     Size  Location     Type
  letrita         1    0[COMRAM] unsigned char 
 Return value:  Size  Location     Type
                  1    wreg      void 
 Registers used:
		wreg
 Tracked objects:
		On entry : 
		On exit  : 
		Unchanged: 
 Data sizes:     COMRAM   BANK0   BANK1   BANK2   BANK3   BANK4   BANK5   BANK6   BANK7
      Params:         0       0       0       0       0       0       0       0       0
      Locals:         1       0       0       0       0       0       0       0       0
      Temps:          0       0       0       0       0       0       0       0       0
      Totals:         1       0       0       0       0       0       0       0       0
Total ram usage:        1 bytes
 Hardware stack levels used:    1
 This function calls:
		Nothing
 This function is called by:
		_RCIsr
 This function uses a non-reentrant model



MODULE INFORMATION

Module		Function		Class		Link	Load	Size
noOficial1.c
		_RCIsr         		CODE           	0008	0000	347
		_valores       		CODE           	1138	0000	195
		_ultrasonido   		CODE           	0E78	0000	273
		_main          		CODE           	15E0	0000	33
		_show_menu     		CODE           	0F88	0000	219

noOficial1.c estimated size: 1067

C:\Program Files (x86)\Microchip\xc8\v2.05\pic\sources\c99\common\awmod.c
		___awmod       		CODE           	143A	0000	113

C:\Program Files (x86)\Microchip\xc8\v2.05\pic\sources\c99\common\awmod.c estimated size: 113

C:\Program Files (x86)\Microchip\xc8\v2.05\pic\sources\c99\common\xxtofl.c
		___xxtofl      		CODE           	0D38	0000	321

C:\Program Files (x86)\Microchip\xc8\v2.05\pic\sources\c99\common\xxtofl.c estimated size: 321

Serial.c
		_uc_config     		CODE           	15B8	0000	41
		_send_newline  		CODE           	1620	0000	19
		_send_string   		CODE           	1518	0000	83
		_send_char     		CODE           	1644	0000	13

Serial.c estimated size: 156

C:\Program Files (x86)\Microchip\xc8\v2.05\pic\sources\c99\common\awdiv.c
		___awdiv       		CODE           	133C	0000	133

C:\Program Files (x86)\Microchip\xc8\v2.05\pic\sources\c99\common\awdiv.c estimated size: 133

C:\Program Files (x86)\Microchip\xc8\v2.05\pic\sources\c99\common\fltol.c
		___fltol       		CODE           	11FA	0000	187

C:\Program Files (x86)\Microchip\xc8\v2.05\pic\sources\c99\common\fltol.c estimated size: 187

DHT11.c
		_DHT11_init    		CODE           	1600	0000	33
		_DHT11_CheckResponse		CODE           	14AA	0000	111
		_DHT11_ReadData		CODE           	0A8E	0000	343

DHT11.c estimated size: 487

C:\Program Files (x86)\Microchip\xc8\v2.05\pic\sources\c99\common\sprcdiv.c
		___fldiv       		CODE           	0806	0000	649

C:\Program Files (x86)\Microchip\xc8\v2.05\pic\sources\c99\common\sprcdiv.c estimated size: 649

shared
		i2_send_string 		CODE           	156A	0000	79
		i2_send_newline		CODE           	1632	0000	19
		__initialization		CODE           	13C0	0000	109

shared estimated size: 207

